AutoDock Vina f458505-mod
#################################################################
# If you used AutoDock Vina in your work, please cite:          #
#                                                               #
# J. Eberhardt, D. Santos-Martins, A. F. Tillack, and S. Forli  #
# AutoDock Vina 1.2.0: New Docking Methods, Expanded Force      #
# Field, and Python Bindings, J. Chem. Inf. Model. (2021)       #
# DOI 10.1021/acs.jcim.1c00203                                  #
#                                                               #
# O. Trott, A. J. Olson,                                        #
# AutoDock Vina: improving the speed and accuracy of docking    #
# with a new scoring function, efficient optimization and       #
# multithreading, J. Comp. Chem. (2010)                         #
# DOI 10.1002/jcc.21334                                         #
#                                                               #
# Please see https://github.com/ccsb-scripps/AutoDock-Vina for  #
# more information.                                             #
#################################################################

Scoring function : vina
Rigid receptor: /home/sridhar/CAAD_Suite_End_to_End/benchmarks/redocking/pilot_v1/runs/vina-pilot-v1-20260928/platform/runs/docking/vina-01M3JMZM6Y60CSEJ5N2CP8VTK6/receptor.pdbqt
Ligand: /home/sridhar/CAAD_Suite_End_to_End/benchmarks/redocking/pilot_v1/runs/vina-pilot-v1-20260928/platform/runs/docking/vina-01M3JMZM6Y60CSEJ5N2CP8VTK6/ligand.pdbqt
Grid center: X 4.70118 Y 12.3756 Z 188.797
Grid size  : X 28.341 Y 22 Z 22
Grid space : 0.375
Exhaustiveness: 4
CPU: 2
Verbosity: 1

Computing Vina grid ... done.
Performing docking (random seed: 42) ... 
0%   10   20   30   40   50   60   70   80   90   100%
|----|----|----|----|----|----|----|----|----|----|
***************************************************

mode |   affinity | dist from best mode
     | (kcal/mol) | rmsd l.b.| rmsd u.b.
-----+------------+----------+----------
   1       -7.033          0          0
   2       -7.015      1.194      1.806
   3       -6.882      1.456      1.934
   4       -6.707      3.521      7.015
   5       -6.532      3.838       9.39
   6        -6.34      3.916      10.11
   7       -6.173      2.447      3.154
   8       -6.125      2.182      6.707
   9       -6.089      4.394      10.55
