AutoDock Vina f458505-mod
#################################################################
# If you used AutoDock Vina in your work, please cite:          #
#                                                               #
# J. Eberhardt, D. Santos-Martins, A. F. Tillack, and S. Forli  #
# AutoDock Vina 1.2.0: New Docking Methods, Expanded Force      #
# Field, and Python Bindings, J. Chem. Inf. Model. (2021)       #
# DOI 10.1021/acs.jcim.1c00203                                  #
#                                                               #
# O. Trott, A. J. Olson,                                        #
# AutoDock Vina: improving the speed and accuracy of docking    #
# with a new scoring function, efficient optimization and       #
# multithreading, J. Comp. Chem. (2010)                         #
# DOI 10.1002/jcc.21334                                         #
#                                                               #
# Please see https://github.com/ccsb-scripps/AutoDock-Vina for  #
# more information.                                             #
#################################################################

Scoring function : vina
Rigid receptor: /home/sridhar/CAAD_Suite_End_to_End/benchmarks/redocking/pilot_v1/runs/vina-pilot-v1-20260928/platform/runs/docking/vina-01M3JMZM6Y60CSEJ5N2CP8VTK6/receptor.pdbqt
Ligand: /home/sridhar/CAAD_Suite_End_to_End/benchmarks/redocking/pilot_v1/runs/vina-pilot-v1-20260928/platform/runs/docking/vina-01M3JMZM6Y60CSEJ5N2CP8VTK6/ligand.pdbqt
Grid center: X 4.70118 Y 12.3756 Z 188.797
Grid size  : X 28.341 Y 22 Z 22
Grid space : 0.375
Exhaustiveness: 4
CPU: 2
Verbosity: 1

Computing Vina grid ... done.
Performing docking (random seed: 41) ... 
0%   10   20   30   40   50   60   70   80   90   100%
|----|----|----|----|----|----|----|----|----|----|
***************************************************

mode |   affinity | dist from best mode
     | (kcal/mol) | rmsd l.b.| rmsd u.b.
-----+------------+----------+----------
   1       -7.307          0          0
   2       -7.133      1.369       2.24
   3       -6.719      3.928      9.922
   4       -6.712      3.053      9.175
   5       -6.699      1.612      2.086
   6       -6.656      4.138      10.37
   7       -6.566      1.714      2.498
   8        -6.46      2.344      2.902
   9       -6.444      4.327      9.208
