AutoDock Vina f458505-mod
#################################################################
# If you used AutoDock Vina in your work, please cite:          #
#                                                               #
# J. Eberhardt, D. Santos-Martins, A. F. Tillack, and S. Forli  #
# AutoDock Vina 1.2.0: New Docking Methods, Expanded Force      #
# Field, and Python Bindings, J. Chem. Inf. Model. (2021)       #
# DOI 10.1021/acs.jcim.1c00203                                  #
#                                                               #
# O. Trott, A. J. Olson,                                        #
# AutoDock Vina: improving the speed and accuracy of docking    #
# with a new scoring function, efficient optimization and       #
# multithreading, J. Comp. Chem. (2010)                         #
# DOI 10.1002/jcc.21334                                         #
#                                                               #
# Please see https://github.com/ccsb-scripps/AutoDock-Vina for  #
# more information.                                             #
#################################################################

Scoring function : vina
Rigid receptor: /home/sridhar/CAAD_Suite_End_to_End/benchmarks/redocking/pilot_v1/runs/vina-pilot-v1-20260928/platform/runs/docking/vina-01M3JMZM6Y60CSEJ5N2CP8VTK6/receptor.pdbqt
Ligand: /home/sridhar/CAAD_Suite_End_to_End/benchmarks/redocking/pilot_v1/runs/vina-pilot-v1-20260928/platform/runs/docking/vina-01M3JMZM6Y60CSEJ5N2CP8VTK6/ligand.pdbqt
Grid center: X 4.70118 Y 12.3756 Z 188.797
Grid size  : X 28.341 Y 22 Z 22
Grid space : 0.375
Exhaustiveness: 4
CPU: 2
Verbosity: 1

Computing Vina grid ... done.
Performing docking (random seed: 43) ... 
0%   10   20   30   40   50   60   70   80   90   100%
|----|----|----|----|----|----|----|----|----|----|
***************************************************

mode |   affinity | dist from best mode
     | (kcal/mol) | rmsd l.b.| rmsd u.b.
-----+------------+----------+----------
   1       -6.555          0          0
   2       -6.515      1.656      2.624
   3       -6.167      3.016      8.165
   4       -6.134      3.636      9.026
   5       -6.102      3.029      6.474
   6       -6.051      1.445      2.409
   7       -5.913       3.76      8.456
   8       -5.719      4.099      8.711
   9       -5.617      3.003       8.84
