AutoDock Vina f458505-mod
#################################################################
# If you used AutoDock Vina in your work, please cite:          #
#                                                               #
# J. Eberhardt, D. Santos-Martins, A. F. Tillack, and S. Forli  #
# AutoDock Vina 1.2.0: New Docking Methods, Expanded Force      #
# Field, and Python Bindings, J. Chem. Inf. Model. (2021)       #
# DOI 10.1021/acs.jcim.1c00203                                  #
#                                                               #
# O. Trott, A. J. Olson,                                        #
# AutoDock Vina: improving the speed and accuracy of docking    #
# with a new scoring function, efficient optimization and       #
# multithreading, J. Comp. Chem. (2010)                         #
# DOI 10.1002/jcc.21334                                         #
#                                                               #
# Please see https://github.com/ccsb-scripps/AutoDock-Vina for  #
# more information.                                             #
#################################################################

Scoring function : vina
Rigid receptor: /home/sridhar/CAAD_Suite_End_to_End/benchmarks/redocking/pilot_v3/runs/preregistered-cohort-v3/REDOCK-001/seed_42/receptor.pdbqt
Ligand: /home/sridhar/CAAD_Suite_End_to_End/benchmarks/redocking/pilot_v3/runs/preregistered-cohort-v3/REDOCK-001/seed_42/ligand.pdbqt
Grid center: X -27.3421 Y -11.4549 Z -2.03504
Grid size  : X 22 Y 22 Z 29.4756
Grid space : 0.375
Exhaustiveness: 16
CPU: 2
Verbosity: 1

Computing Vina grid ... done.
Performing docking (random seed: 42) ... 
0%   10   20   30   40   50   60   70   80   90   100%
|----|----|----|----|----|----|----|----|----|----|
***************************************************

mode |   affinity | dist from best mode
     | (kcal/mol) | rmsd l.b.| rmsd u.b.
-----+------------+----------+----------
   1        -6.73          0          0
   2       -6.416      2.406      5.256
   3       -6.354      3.559      6.954
   4       -6.304      1.544      2.134
   5       -6.287      3.866      5.848
   6       -6.224      3.086      6.074
   7       -6.114      1.942       4.21
   8       -6.068      3.621      6.722
   9       -5.959      2.365      3.667
